# sample-rate: 0.05
# sizes: 0,1,29  repeats: 3
# creature: ../GRQ-cluster/network.json
# trainingData: /Users/sloth/GRQ/.trainData-binary_116
# scorer: ../NEAT-AI-scorer/target/release/rust_scorer
# loadBefore: 27.58
# startedUtc: 2026-08-13T09:31:07Z
creature ../GRQ-cluster/network.json : inputs=2511 outputs=1 neurons=1613 synapses=22104
corpus /Users/sloth/GRQ/.trainData-binary_116 : sample-rate=0.05 repeats=3 sizes=[0, 1, 29] (candidates; +1 baseline)
[gpu] auto fallback to CPU directory mode: deep scratch-kernel creatures are faster on CPU for production-scale full-corpus scoring; rerun with --gpu off to skip GPU detection
repeat 1: 1 creature(s) scored, baseline=0.348985976566
[gpu] auto fallback to CPU directory mode: deep scratch-kernel creatures are faster on CPU for production-scale full-corpus scoring; rerun with --gpu off to skip GPU detection
repeat 1: 2 creature(s) scored, baseline=0.348986551279
[gpu] auto fallback to CPU directory mode: deep scratch-kernel creatures are faster on CPU for production-scale full-corpus scoring; rerun with --gpu off to skip GPU detection
repeat 1: 30 creature(s) scored, baseline=0.348986599171
[gpu] auto fallback to CPU directory mode: deep scratch-kernel creatures are faster on CPU for production-scale full-corpus scoring; rerun with --gpu off to skip GPU detection
repeat 2: 1 creature(s) scored, baseline=0.348985976566
[gpu] auto fallback to CPU directory mode: deep scratch-kernel creatures are faster on CPU for production-scale full-corpus scoring; rerun with --gpu off to skip GPU detection
repeat 2: 2 creature(s) scored, baseline=0.348986551279
[gpu] auto fallback to CPU directory mode: deep scratch-kernel creatures are faster on CPU for production-scale full-corpus scoring; rerun with --gpu off to skip GPU detection
repeat 2: 30 creature(s) scored, baseline=0.348986599171
[gpu] auto fallback to CPU directory mode: deep scratch-kernel creatures are faster on CPU for production-scale full-corpus scoring; rerun with --gpu off to skip GPU detection
repeat 3: 1 creature(s) scored, baseline=0.348985976566
[gpu] auto fallback to CPU directory mode: deep scratch-kernel creatures are faster on CPU for production-scale full-corpus scoring; rerun with --gpu off to skip GPU detection
repeat 3: 2 creature(s) scored, baseline=0.348986551279
[gpu] auto fallback to CPU directory mode: deep scratch-kernel creatures are faster on CPU for production-scale full-corpus scoring; rerun with --gpu off to skip GPU detection
repeat 3: 30 creature(s) scored, baseline=0.348986599171

phase,creatures,ms,sampleRate,failed
screen,1,4787,0.05,false
screen,2,5149,0.05,false
screen,30,28458,0.05,false
screen,1,3734,0.05,false
screen,2,6244,0.05,false
screen,30,28676,0.05,false
screen,1,2349,0.05,false
screen,2,5588,0.05,false
screen,30,25551,0.05,false

fit over 9 call(s) at sample-rate=0.05
  mean creatures : 11.00
  mean ms        : 12282
  fixed ms/call  : 3423
  marginal ms/cr : 805
  r^2            : 0.9888
  fixed share    : 27.9%
# loadAfter: 36.65
# finishedUtc: 2026-08-13T09:32:59Z
